// TUI Test Snapshot v1

exports[`ctrl+c 1`] = String.raw`
╭────────────────────────────────────────────────────────────────────────────────╮
│>                                                                               │
│                                                                                │
│                                                                                │
│                                                                                │
│                                                                                │
│                                                                                │
│                                                                                │
│                                                                                │
│                                                                                │
│                                                                                │
│                                                                                │
│                                                                                │
│                                                                                │
│                                                                                │
│                                                                                │
╰────────────────────────────────────────────────────────────────────────────────╯
`;

exports[`ctrl+c 1 1`] = String.raw`
╭────────────────────────────────────────────────────────────────────────────────╮
│> ^C                                                                            │
│>                                                                               │
│                                                                                │
│                                                                                │
│                                                                                │
│                                                                                │
│                                                                                │
│                                                                                │
│                                                                                │
│                                                                                │
│                                                                                │
│                                                                                │
│                                                                                │
│                                                                                │
│                                                                                │
╰────────────────────────────────────────────────────────────────────────────────╯
`;

exports[`resize 1`] = String.raw`
╭────────────────────────────────────────────────────────────────────────────────╮
│> foo                                                                           │
│                                                                                │
│                                                                                │
│                                                                                │
│                                                                                │
│                                                                                │
│                                                                                │
│                                                                                │
│                                                                                │
│                                                                                │
│                                                                                │
│                                                                                │
│                                                                                │
│                                                                                │
│                                                                                │
╰────────────────────────────────────────────────────────────────────────────────╯
`;

exports[`resize 1 1`] = String.raw`
╭────────────────────────────────────────╮
│> foobar                                │
│                                        │
│                                        │
│                                        │
│                                        │
│                                        │
│                                        │
│                                        │
│                                        │
│                                        │
╰────────────────────────────────────────╯
`;

