// TUI Test Snapshot v1

exports[`key controls › ctrl+c | 1`] = String.raw`
╭────────────────────────────────────────────────────────────────────────────────╮
│>                                                                               │
│                                                                                │
│                                                                                │
│                                                                                │
│                                                                                │
│                                                                                │
│                                                                                │
│                                                                                │
│                                                                                │
│                                                                                │
│                                                                                │
│                                                                                │
│                                                                                │
│                                                                                │
│                                                                                │
╰────────────────────────────────────────────────────────────────────────────────╯
`;

exports[`key controls › ctrl+c | 1 1`] = String.raw`
╭────────────────────────────────────────────────────────────────────────────────╮
│> ^C                                                                            │
│>                                                                               │
│                                                                                │
│                                                                                │
│                                                                                │
│                                                                                │
│                                                                                │
│                                                                                │
│                                                                                │
│                                                                                │
│                                                                                │
│                                                                                │
│                                                                                │
│                                                                                │
│                                                                                │
╰────────────────────────────────────────────────────────────────────────────────╯
`;

exports[`terminal functions › resize | 1`] = String.raw`
╭────────────────────────────────────────────────────────────────────────────────╮
│> foo                                                                           │
│                                                                                │
│                                                                                │
│                                                                                │
│                                                                                │
│                                                                                │
│                                                                                │
│                                                                                │
│                                                                                │
│                                                                                │
│                                                                                │
│                                                                                │
│                                                                                │
│                                                                                │
│                                                                                │
╰────────────────────────────────────────────────────────────────────────────────╯
`;

exports[`terminal functions › resize | 1 1`] = String.raw`
╭────────────────────────────────────────╮
│> foobar                                │
│                                        │
│                                        │
│                                        │
│                                        │
│                                        │
│                                        │
│                                        │
│                                        │
│                                        │
╰────────────────────────────────────────╯
`;

