// TUI Test Snapshot v1

exports[`resize 1`] = String.raw`
╭────────────────────────────────────────────────────────────────────────────────╮
│> foo                                                                           │
│                                                                                │
│                                                                                │
│                                                                                │
│                                                                                │
│                                                                                │
│                                                                                │
│                                                                                │
│                                                                                │
│                                                                                │
│                                                                                │
│                                                                                │
│                                                                                │
│                                                                                │
│                                                                                │
╰────────────────────────────────────────────────────────────────────────────────╯
`;

exports[`resize 1 1`] = String.raw`
╭────────────────────────────────────────╮
│> foobar                                │
│                                        │
│                                        │
│                                        │
│                                        │
│                                        │
│                                        │
│                                        │
│                                        │
│                                        │
╰────────────────────────────────────────╯
`;

